zz-scripts/chapter01/generate_data_chapter01.py|IndentationError: expected an indented block after function definition on line 22
zz-scripts/chapter01/plot_fig01_early_plateau.py|IndentationError: expected an indented block after 'if' statement on line 56
zz-scripts/chapter01/plot_fig02_logistic_calibration.py|IndentationError: expected an indented block after 'if' statement on line 38
zz-scripts/chapter01/plot_fig03_relative_error_timeline.py|IndentationError: expected an indented block after 'if' statement on line 40
zz-scripts/chapter01/plot_fig04_P_vs_T_evolution.py|IndentationError: expected an indented block after 'if' statement on line 40
zz-scripts/chapter01/plot_fig05_I1_vs_T.py|IndentationError: expected an indented block after 'if' statement on line 31
zz-scripts/chapter01/plot_fig06_P_derivative_comparison.py|IndentationError: expected an indented block after 'if' statement on line 36
zz-scripts/chapter02/generate_data_chapter02.py|IndentationError: expected an indented block after function definition on line 34
zz-scripts/chapter02/plot_fig00_spectrum.py|IndentationError: expected an indented block after 'for' statement on line 22
zz-scripts/chapter02/plot_fig01_P_vs_T_evolution.py|IndentationError: expected an indented block after 'if' statement on line 44
zz-scripts/chapter02/plot_fig02_calibration.py|IndentationError: expected an indented block after 'if' statement on line 39
zz-scripts/chapter02/plot_fig03_relative_errors.py|IndentationError: expected an indented block after 'if' statement on line 61
zz-scripts/chapter04/plot_fig04_relative_deviations.py|IndentationError: expected an indented block after function definition on line 19
zz-scripts/chapter05/generate_data_chapter05.py|IndentationError: expected an indented block after 'if' statement on line 47
zz-scripts/chapter05/plot_fig02_dh_model_vs_obs.py|IndentationError: expected an indented block after 'if' statement on line 22
zz-scripts/chapter05/plot_fig04_chi2_vs_T.py|IndentationError: expected an indented block after 'if' statement on line 35
zz-scripts/chapter06/generate_data_chapter06.py|IndentationError: expected an indented block after 'if' statement on line 19
zz-scripts/chapter06/generate_pdot_plateau_vs_z.py|IndentationError: expected an indented block after 'if' statement on line 28
zz-scripts/chapter06/plot_fig03_delta_cls_relative.py|IndentationError: expected an indented block after 'with' statement on line 32
zz-scripts/chapter06/plot_fig04_delta_rs_vs_params.py|IndentationError: expected an indented block after 'with' statement on line 35
zz-scripts/chapter06/plot_fig05_delta_chi2_heatmap.py|IndentationError: expected an indented block after 'with' statement on line 31
zz-scripts/chapter07/plot_fig01_cs2_heatmap.py|IndentationError: expected an indented block after 'try' statement on line 23
zz-scripts/chapter07/plot_fig02_delta_phi_heatmap.py|IndentationError: expected an indented block after 'try' statement on line 24
zz-scripts/chapter07/plot_fig03_invariant_I1.py|IndentationError: expected an indented block after 'if' statement on line 38
zz-scripts/chapter07/plot_fig04_dcs2_vs_k.py|IndentationError: expected an indented block after function definition on line 88
zz-scripts/chapter07/plot_fig05_ddelta_phi_vs_k.py|IndentationError: expected an indented block after 'if' statement on line 38
zz-scripts/chapter08/generate_coupling_milestones.py|IndentationError: expected an indented block after 'if' statement on line 45
zz-scripts/chapter08/plot_fig03_mu_vs_z.py|IndentationError: expected an indented block after 'if' statement on line 71
zz-scripts/chapter08/plot_fig04_chi2_heatmap.py|IndentationError: expected an indented block after 'if' statement on line 23
zz-scripts/chapter09/generate_mcgt_raw_phase.py|IndentationError: expected an indented block after class definition on line 22
zz-scripts/chapter09/plot_fig01_phase_overlay.py|IndentationError: expected an indented block after function definition on line 33
zz-scripts/chapter09/plot_fig02_residual_phase.py|IndentationError: expected an indented block after function definition on line 37
zz-scripts/chapter09/plot_fig03_hist_absdphi_20_300.py|IndentationError: expected an indented block after function definition on line 31
zz-scripts/chapter09/plot_fig04_absdphi_milestones_vs_f.py|IndentationError: expected an indented block after function definition on line 53
zz-scripts/chapter09/plot_fig05_scatter_phi_at_fpeak.py|IndentationError: expected an indented block after function definition on line 50
zz-scripts/chapter10/qc_wrapped_vs_unwrapped.py|IndentationError: expected an indented block after 'try' statement on line 23
zz-scripts/chapter10/recompute_p95_circular.py|IndentationError: expected an indented block after function definition on line 28
