zz-scripts/chapter01/generate_data_chapter01.py|IndentationError: expected an indented block after function definition on line 56
zz-scripts/chapter01/plot_fig01_early_plateau.py|IndentationError: unexpected indent
zz-scripts/chapter01/plot_fig02_logistic_calibration.py|IndentationError: unexpected indent
zz-scripts/chapter01/plot_fig03_relative_error_timeline.py|IndentationError: unexpected indent
zz-scripts/chapter01/plot_fig04_P_vs_T_evolution.py|SyntaxError: invalid syntax. Perhaps you forgot a comma?
zz-scripts/chapter01/plot_fig05_I1_vs_T.py|SyntaxError: invalid syntax. Perhaps you forgot a comma?
zz-scripts/chapter01/plot_fig06_P_derivative_comparison.py|IndentationError: unexpected indent
zz-scripts/chapter02/generate_data_chapter02.py|IndentationError: unexpected indent
zz-scripts/chapter02/plot_fig00_spectrum.py|IndentationError: unexpected indent
zz-scripts/chapter02/plot_fig01_P_vs_T_evolution.py|SyntaxError: invalid syntax. Perhaps you forgot a comma?
zz-scripts/chapter02/plot_fig02_calibration.py|SyntaxError: invalid syntax. Perhaps you forgot a comma?
zz-scripts/chapter02/plot_fig03_relative_errors.py|SyntaxError: invalid syntax. Perhaps you forgot a comma?
zz-scripts/chapter02/plot_fig04_pipeline_diagram.py|SyntaxError: invalid syntax. Maybe you meant '==' or ':=' instead of '='?
zz-scripts/chapter03/plot_fig07_ricci_fR_vs_z.py|SyntaxError: unterminated string literal (detected at line 172)
zz-scripts/chapter03/plot_fig08_ricci_fR_vs_T.py|SyntaxError: unterminated string literal (detected at line 166)
zz-scripts/chapter04/plot_fig04_relative_deviations.py|SyntaxError: '[' was never closed
zz-scripts/chapter05/generate_data_chapter05.py|IndentationError: expected an indented block after 'try' statement on line 135
zz-scripts/chapter05/plot_fig02_dh_model_vs_obs.py|SyntaxError: invalid syntax. Perhaps you forgot a comma?
zz-scripts/chapter05/plot_fig04_chi2_vs_T.py|SyntaxError: invalid syntax. Perhaps you forgot a comma?
zz-scripts/chapter06/generate_data_chapter06.py|IndentationError: expected an indented block after 'with' statement on line 51
zz-scripts/chapter06/generate_pdot_plateau_vs_z.py|IndentationError: expected an indented block after 'if' statement on line 57
zz-scripts/chapter06/plot_fig01_cmb_dataflow_diagram.py|SyntaxError: closing parenthesis '}' does not match opening parenthesis '(' on line 41
zz-scripts/chapter06/plot_fig03_delta_cls_relative.py|SyntaxError: invalid syntax. Perhaps you forgot a comma?
zz-scripts/chapter06/plot_fig04_delta_rs_vs_params.py|SyntaxError: invalid syntax. Perhaps you forgot a comma?
zz-scripts/chapter06/plot_fig05_delta_chi2_heatmap.py|SyntaxError: invalid syntax. Perhaps you forgot a comma?
zz-scripts/chapter07/plot_fig01_cs2_heatmap.py|IndentationError: unexpected indent
zz-scripts/chapter07/plot_fig02_delta_phi_heatmap.py|SyntaxError: invalid syntax. Perhaps you forgot a comma?
zz-scripts/chapter07/plot_fig03_invariant_I1.py|SyntaxError: invalid syntax. Perhaps you forgot a comma?
zz-scripts/chapter07/plot_fig04_dcs2_vs_k.py|SyntaxError: invalid syntax. Perhaps you forgot a comma?
zz-scripts/chapter07/plot_fig05_ddelta_phi_vs_k.py|SyntaxError: invalid syntax. Perhaps you forgot a comma?
zz-scripts/chapter08/generate_coupling_milestones.py|IndentationError: expected an indented block after 'try' statement on line 61
zz-scripts/chapter08/plot_fig03_mu_vs_z.py|IndentationError: unexpected indent
zz-scripts/chapter08/plot_fig04_chi2_heatmap.py|IndentationError: unexpected indent
zz-scripts/chapter09/generate_mcgt_raw_phase.py|IndentationError: unexpected indent
zz-scripts/chapter09/plot_fig01_phase_overlay.py|SyntaxError: invalid syntax
zz-scripts/chapter09/plot_fig02_residual_phase.py|SyntaxError: invalid syntax. Perhaps you forgot a comma?
zz-scripts/chapter09/plot_fig03_hist_absdphi_20_300.py|SyntaxError: invalid syntax. Perhaps you forgot a comma?
zz-scripts/chapter09/plot_fig04_absdphi_milestones_vs_f.py|SyntaxError: invalid syntax. Perhaps you forgot a comma?
zz-scripts/chapter09/plot_fig05_scatter_phi_at_fpeak.py|SyntaxError: invalid syntax. Perhaps you forgot a comma?
zz-scripts/chapter10/qc_wrapped_vs_unwrapped.py|IndentationError: unexpected indent
zz-scripts/chapter10/recompute_p95_circular.py|IndentationError: unexpected indent
