zz-scripts/chapter01/generate_data_chapter01.py
zz-scripts/chapter01/plot_fig01_early_plateau.py
zz-scripts/chapter01/plot_fig02_logistic_calibration.py
zz-scripts/chapter01/plot_fig03_relative_error_timeline.py
zz-scripts/chapter01/plot_fig04_P_vs_T_evolution.py
zz-scripts/chapter01/plot_fig05_I1_vs_T.py
zz-scripts/chapter01/plot_fig06_P_derivative_comparison.py
zz-scripts/chapter02/generate_data_chapter02.py
zz-scripts/chapter02/plot_fig00_spectrum.py
zz-scripts/chapter02/plot_fig01_P_vs_T_evolution.py
zz-scripts/chapter02/plot_fig02_calibration.py
zz-scripts/chapter02/plot_fig03_relative_errors.py
zz-scripts/chapter02/plot_fig04_pipeline_diagram.py
zz-scripts/chapter03/plot_fig07_ricci_fR_vs_z.py
zz-scripts/chapter03/plot_fig08_ricci_fR_vs_T.py
zz-scripts/chapter04/plot_fig04_relative_deviations.py
zz-scripts/chapter05/generate_data_chapter05.py
zz-scripts/chapter05/plot_fig02_dh_model_vs_obs.py
zz-scripts/chapter05/plot_fig04_chi2_vs_T.py
zz-scripts/chapter06/generate_data_chapter06.py
zz-scripts/chapter06/generate_pdot_plateau_vs_z.py
zz-scripts/chapter06/plot_fig01_cmb_dataflow_diagram.py
zz-scripts/chapter06/plot_fig03_delta_cls_relative.py
zz-scripts/chapter06/plot_fig04_delta_rs_vs_params.py
zz-scripts/chapter06/plot_fig05_delta_chi2_heatmap.py
zz-scripts/chapter07/plot_fig01_cs2_heatmap.py
zz-scripts/chapter07/plot_fig02_delta_phi_heatmap.py
zz-scripts/chapter07/plot_fig03_invariant_I1.py
zz-scripts/chapter07/plot_fig04_dcs2_vs_k.py
zz-scripts/chapter07/plot_fig05_ddelta_phi_vs_k.py
zz-scripts/chapter08/generate_coupling_milestones.py
zz-scripts/chapter08/plot_fig03_mu_vs_z.py
zz-scripts/chapter08/plot_fig04_chi2_heatmap.py
zz-scripts/chapter09/generate_mcgt_raw_phase.py
zz-scripts/chapter09/plot_fig01_phase_overlay.py
zz-scripts/chapter09/plot_fig02_residual_phase.py
zz-scripts/chapter09/plot_fig03_hist_absdphi_20_300.py
zz-scripts/chapter09/plot_fig04_absdphi_milestones_vs_f.py
zz-scripts/chapter09/plot_fig05_scatter_phi_at_fpeak.py
zz-scripts/chapter10/qc_wrapped_vs_unwrapped.py
zz-scripts/chapter10/recompute_p95_circular.py
