zz-scripts/chapter01/generate_data_chapter01.py|IndentationError: expected an indented block after 'if' statement on line 26
zz-scripts/chapter01/plot_fig01_early_plateau.py|IndentationError: expected an indented block after 'if' statement on line 67
zz-scripts/chapter01/plot_fig02_logistic_calibration.py|IndentationError: expected an indented block after 'if' statement on line 49
zz-scripts/chapter01/plot_fig03_relative_error_timeline.py|IndentationError: expected an indented block after 'if' statement on line 51
zz-scripts/chapter01/plot_fig04_P_vs_T_evolution.py|IndentationError: expected an indented block after 'if' statement on line 51
zz-scripts/chapter01/plot_fig05_I1_vs_T.py|IndentationError: expected an indented block after 'if' statement on line 42
zz-scripts/chapter01/plot_fig06_P_derivative_comparison.py|IndentationError: expected an indented block after 'if' statement on line 47
zz-scripts/chapter02/plot_fig01_P_vs_T_evolution.py|IndentationError: expected an indented block after 'if' statement on line 55
zz-scripts/chapter02/plot_fig02_calibration.py|IndentationError: expected an indented block after 'if' statement on line 50
zz-scripts/chapter02/plot_fig03_relative_errors.py|IndentationError: expected an indented block after 'if' statement on line 72
zz-scripts/chapter03/plot_fig07_ricci_fR_vs_z.py|SyntaxError: invalid decimal literal
zz-scripts/chapter03/plot_fig08_ricci_fR_vs_T.py|SyntaxError: invalid decimal literal
zz-scripts/chapter06/generate_pdot_plateau_vs_z.py|IndentationError: expected an indented block after 'if' statement on line 59
zz-scripts/chapter07/plot_fig03_invariant_I1.py|IndentationError: expected an indented block after 'if' statement on line 50
zz-scripts/chapter07/plot_fig04_dcs2_vs_k.py|IndentationError: expected an indented block after 'if' statement on line 91
zz-scripts/chapter07/plot_fig05_ddelta_phi_vs_k.py|IndentationError: expected an indented block after 'if' statement on line 47
zz-scripts/chapter08/generate_coupling_milestones.py|IndentationError: expected an indented block after 'if' statement on line 53
zz-scripts/chapter08/plot_fig03_mu_vs_z.py|IndentationError: expected an indented block after 'if' statement on line 82
zz-scripts/chapter08/plot_fig04_chi2_heatmap.py|IndentationError: expected an indented block after 'if' statement on line 116
