zz-scripts/chapter01/plot_fig01_early_plateau.py
zz-scripts/chapter01/plot_fig02_logistic_calibration.py
zz-scripts/chapter01/plot_fig03_relative_error_timeline.py
zz-scripts/chapter01/plot_fig04_P_vs_T_evolution.py
zz-scripts/chapter01/plot_fig05_I1_vs_T.py
zz-scripts/chapter01/plot_fig06_P_derivative_comparison.py
zz-scripts/chapter02/plot_fig01_P_vs_T_evolution.py
zz-scripts/chapter02/plot_fig02_calibration.py
zz-scripts/chapter02/plot_fig03_relative_errors.py
zz-scripts/chapter05/generate_data_chapter05.py
zz-scripts/chapter05/plot_fig02_dh_model_vs_obs.py
zz-scripts/chapter05/plot_fig04_chi2_vs_T.py
zz-scripts/chapter06/generate_data_chapter06.py
zz-scripts/chapter06/generate_pdot_plateau_vs_z.py
zz-scripts/chapter07/plot_fig01_cs2_heatmap.py
zz-scripts/chapter07/plot_fig02_delta_phi_heatmap.py
zz-scripts/chapter07/plot_fig03_invariant_I1.py
zz-scripts/chapter07/plot_fig05_ddelta_phi_vs_k.py
zz-scripts/chapter08/generate_coupling_milestones.py
zz-scripts/chapter08/plot_fig03_mu_vs_z.py
zz-scripts/chapter08/plot_fig04_chi2_heatmap.py
zz-scripts/chapter10/qc_wrapped_vs_unwrapped.py
